../Core/Src/main.c:93:5:main	16	static
../Core/Src/main.c:188:6:SystemClock_Config	96	static
../Core/Src/main.c:233:13:MX_ADC1_Init	48	static
../Core/Src/main.c:300:13:MX_USART2_UART_Init	8	static
../Core/Src/main.c:335:13:MX_GPIO_Init	48	static
../Core/Src/main.c:404:10:ADC_to_Volt	24	static
../Core/Src/main.c:409:5:Volt_to_Temp	32	static
../Core/Src/main.c:432:6:Control_Heater	16	static
../Core/Src/main.c:443:6:UART_Print	16	static
../Core/Src/main.c:460:6:Error_Handler	4	static,ignoring_inline_asm
